[mbcenter.org/htm/index.html]
[backblue.gif]
[fade.gif]
[index.html]
[www.w3.org/1999/xhtml/index.html]
[mbcenter.org/img/mbcp.ico]
[mbcenter.org/script/genscripts2007.js]
[mbcenter.org/css/mainstyle2007.css]
[connect.facebook.net/en_US/sdk.js]
[mbcenter.org/img/banner_main_2007.jpg]
[mbcenter.org/htm/advancement.html]
[mbcenter.org/htm/mbcitizenrequired.html]
[mbcenter.org/htm/mbeaglerequired.html]
[mbcenter.org/htm/mbelectives.html]
[mbcenter.org/htm/pub/ws.html]
[mbcenter.org/htm/pub/aboutus.html]
[mbcenter.org/htm/contactus/index.html]
[mbcenter.org/htm/pub/sitehelp.html]
[mbcenter.org/htm/pub/mblearnearn.html]
[mbcenter.org/htm/pub/mbsash.html]
[mbcenter.org/htm/meritbadges9b40.html]
[mbcenter.org/htm/meritbadges6d7e.html]
[mbcenter.org/htm/meritbadgesd272.html]
[mbcenter.org/htm/meritbadges0f9a.html]
[mbcenter.org/htm/meritbadgescf60.html]
[mbcenter.org/htm/meritbadges9ff1.html]
[mbcenter.org/htm/meritbadgesc4e3.html]
[mbcenter.org/htm/meritbadges5f75.html]
[mbcenter.org/htm/meritbadges3e35.html]
[mbcenter.org/htm/meritbadgese80e.html]
[mbcenter.org/htm/meritbadges83ff.html]
[mbcenter.org/htm/meritbadgesd3e8.html]
[mbcenter.org/htm/meritbadgesd6e0.html]
[mbcenter.org/htm/meritbadgesb087.html]
[mbcenter.org/htm/meritbadges88ef.html]
[mbcenter.org/htm/meritbadgesc055.html]
[mbcenter.org/htm/meritbadges0387.html]
[mbcenter.org/htm/meritbadges1eda.html]
[mbcenter.org/htm/meritbadgesc460.html]
[mbcenter.org/htm/meritbadges5712.html]
[mbcenter.org/htm/meritbadges562b.html]
[mbcenter.org/htm/meritbadges67e1.html]
[mbcenter.org/htm/meritbadgesdbf5.html]
[mbcenter.org/htm/meritbadges7126.html]
[mbcenter.org/htm/meritbadgesb306.html]
[mbcenter.org/htm/meritbadgesb8d2.html]
[mbcenter.org/htm/meritbadges6db8.html]
[mbcenter.org/htm/meritbadges8f44.html]
[mbcenter.org/htm/meritbadges53f0.html]
[mbcenter.org/htm/meritbadgesd2dc.html]
[mbcenter.org/htm/meritbadgesd632.html]
[mbcenter.org/htm/meritbadges5763.html]
[mbcenter.org/htm/meritbadges1e8f.html]
[mbcenter.org/htm/meritbadges1d5d.html]
[mbcenter.org/htm/meritbadgesd310.html]
[mbcenter.org/htm/meritbadges632e.html]
[mbcenter.org/htm/meritbadges57b3.html]
[mbcenter.org/htm/meritbadgesb1d0.html]
[mbcenter.org/htm/meritbadges922f.html]
[mbcenter.org/htm/meritbadgesd2b6.html]
[mbcenter.org/htm/meritbadgesb2e2.html]
[mbcenter.org/htm/meritbadgesb481.html]
[mbcenter.org/htm/meritbadgesc45b.html]
[mbcenter.org/htm/meritbadges391d.html]
[mbcenter.org/htm/meritbadgeseb27.html]
[mbcenter.org/htm/meritbadgese7a1.html]
[mbcenter.org/htm/meritbadgesb7e8.html]
[mbcenter.org/htm/meritbadges1f40.html]
[mbcenter.org/htm/meritbadges8862.html]
[mbcenter.org/htm/meritbadges68cd.html]
[mbcenter.org/htm/meritbadgesab54.html]
[mbcenter.org/htm/meritbadges23c9.html]
[mbcenter.org/htm/meritbadges29c8.html]
[mbcenter.org/htm/meritbadges43db.html]
[mbcenter.org/htm/meritbadges57d8.html]
[mbcenter.org/htm/meritbadgesa4be.html]
[mbcenter.org/htm/meritbadges2b1f.html]
[mbcenter.org/htm/meritbadgesc938.html]
[mbcenter.org/htm/meritbadgesd978.html]
[mbcenter.org/htm/meritbadges0691.html]
[mbcenter.org/htm/meritbadges2fb2.html]
[mbcenter.org/htm/meritbadges0958.html]
[mbcenter.org/htm/meritbadges95ae.html]
[mbcenter.org/htm/meritbadgesd472.html]
[mbcenter.org/htm/meritbadges27a7.html]
[mbcenter.org/htm/meritbadges2715.html]
[mbcenter.org/htm/meritbadges839f.html]
[mbcenter.org/htm/meritbadges2d77.html]
[mbcenter.org/htm/meritbadgescd73.html]
[mbcenter.org/htm/meritbadges1f91.html]
[mbcenter.org/htm/meritbadgesd302.html]
[mbcenter.org/htm/meritbadges21d5.html]
[mbcenter.org/htm/meritbadges3a55.html]
[mbcenter.org/htm/meritbadges0ff2.html]
[mbcenter.org/htm/meritbadges9d9d.html]
[mbcenter.org/htm/meritbadges77b1.html]
[mbcenter.org/htm/meritbadgesa1b8.html]
[mbcenter.org/htm/meritbadgese37e.html]
[mbcenter.org/htm/meritbadgesf17a.html]
[mbcenter.org/htm/meritbadges7b79.html]
[mbcenter.org/htm/meritbadges95dd.html]
[mbcenter.org/htm/meritbadgescad4.html]
[mbcenter.org/htm/meritbadgesd866.html]
[mbcenter.org/htm/meritbadges112a.html]
[mbcenter.org/htm/meritbadges4a1d.html]
[mbcenter.org/htm/meritbadgesae83.html]
[mbcenter.org/htm/meritbadgesc2dd.html]
[mbcenter.org/htm/meritbadgesb503.html]
[mbcenter.org/htm/meritbadges7bf0.html]
[mbcenter.org/htm/meritbadgese94e.html]
[mbcenter.org/htm/meritbadges5bc4.html]
[mbcenter.org/htm/meritbadgesb7d9.html]
[mbcenter.org/htm/meritbadges9888.html]
[mbcenter.org/htm/meritbadges5608.html]
[mbcenter.org/htm/meritbadgesa07f.html]
[mbcenter.org/htm/meritbadgesa76a.html]
[mbcenter.org/htm/meritbadges26ac.html]
[mbcenter.org/htm/meritbadges0572.html]
[mbcenter.org/htm/meritbadgesde71.html]
[mbcenter.org/htm/meritbadges0431.html]
[mbcenter.org/htm/meritbadgesf7af.html]
[mbcenter.org/htm/meritbadges65db.html]
[mbcenter.org/htm/meritbadgesa80c.html]
[mbcenter.org/htm/meritbadgesc738.html]
[mbcenter.org/htm/meritbadges3aca.html]
[mbcenter.org/htm/meritbadges6acc.html]
[mbcenter.org/htm/meritbadges8041.html]
[mbcenter.org/htm/meritbadgesd5c8.html]
[mbcenter.org/htm/meritbadgesdab1.html]
[mbcenter.org/htm/meritbadgesd78f.html]
[mbcenter.org/htm/index.html]
[mbcenter.org/htm/pub/mbcpterms.html]
[www.w3.org/1999/xhtml/index.html]
[mbcenter.org/css/mainstyle2007.css]
[connect.facebook.net/en_US/sdk.js]
[mbcenter.org/htm/pub/advprocess.html]
[mbcenter.org/downloads/BS-Passport-FINAL.pdf]
[mbcenter.org/htm/ranksd6e6.html]
[mbcenter.org/htm/ranksdad4.html]
[mbcenter.org/htm/ranks4310.html]
[mbcenter.org/htm/ranks67ef.html]
[mbcenter.org/htm/ranks220a.html]
[mbcenter.org/htm/ranksd492.html]
[mbcenter.org/downloads/2025-Updated-Senior-Scout-Passport.pdf]
[mbcenter.org/htm/ranks2f5f.html]
[mbcenter.org/htm/ranks1254.html]
[mbcenter.org/htm/ranks29a4.html]
[mbcenter.org/htm/ranksa30c.html]
[mbcenter.org/htm/ranks42b7.html]
[mbcenter.org/htm/ranks16a5.html]
[mbcenter.org/htm/advancement.html]
[mbcenter.org/htm/meritbadgelist.html]
[mbcenter.org/htm/meritbadges9bfb.html]
[mbcenter.org/htm/meritbadgescf95.html]
[mbcenter.org/htm/meritbadges14e1.html]
[mbcenter.org/htm/meritbadgesb6b6.html]
[mbcenter.org/htm/meritbadges1d38.html]
[mbcenter.org/htm/meritbadgesa6ee.html]
[mbcenter.org/htm/meritbadgesaeca.html]
[mbcenter.org/htm/mbcitizenrequired.html]
[mbcenter.org/htm/meritbadges38e7.html]
[mbcenter.org/htm/meritbadgesecc1.html]
[mbcenter.org/htm/meritbadgescaf3.html]
[mbcenter.org/htm/meritbadges7204.html]
[mbcenter.org/htm/mbeaglerequired.html]
[mbcenter.org/htm/meritbadges60e5.html]
[mbcenter.org/downloads/2019memo72.pdf]
[mbcenter.org/htm/mbelectives.html]
[mbcenter.org/img/images/ico_adobeacrobat.gif]
[mbcenter.org/pub/ws/ws_rnk_pp-bsmembership.pdf]
[mbcenter.org/pub/ws/doc/ws_rnk_pp-bsmembership.docx]
[mbcenter.org/pub/ws/ws_rnk_pp-tenderfoot.pdf]
[mbcenter.org/pub/ws/doc/ws_rnk_pp-tenderfoot.docx]
[mbcenter.org/pub/ws/ws_rnk_pp-secondclass.pdf]
[mbcenter.org/pub/ws/doc/ws_rnk_pp-secondclass.docx]
[mbcenter.org/pub/ws/ws_rnk_pp-firstclass.pdf]
[mbcenter.org/pub/ws/doc/ws_rnk_pp-firstclass.docx]
[mbcenter.org/pub/ws/ws_rnk_pp-service.pdf]
[mbcenter.org/pub/ws/doc/ws_rnk_pp-service.docx]
[mbcenter.org/pub/ws/ws_rnk_pp-citizen.pdf]
[mbcenter.org/pub/ws/doc/ws_rnk_pp-citizen.docx]
[mbcenter.org/pub/ws/ws_camping.pdf]
[mbcenter.org/pub/ws/doc/ws_camping.doc]
[mbcenter.org/pub/ws/ws_citizenship.pdf]
[mbcenter.org/pub/ws/doc/ws_citizenship.docx]
[mbcenter.org/htm/meritbadgeseef1.html]
[mbcenter.org/pub/ws/ws_cooking.pdf]
[mbcenter.org/pub/ws/doc/ws_cooking.doc]
[mbcenter.org/pub/ws/ws_emergencypreparedness.pdf]
[mbcenter.org/pub/ws/doc/ws_emergencypreparedness.doc]
[mbcenter.org/pub/ws/ws_filipinoheritage.pdf]
[mbcenter.org/pub/ws/doc/ws_filipinoheritage.doc]
[mbcenter.org/pub/ws/ws_firstaid.pdf]
[mbcenter.org/pub/ws/doc/ws_firstaid.doc]
[mbcenter.org/pub/ws/ws_navigation.pdf]
[mbcenter.org/pub/ws/doc/ws_navigation.docx]
[mbcenter.org/htm/meritbadgesf4ee.html]
[mbcenter.org/pub/ws/ws_worldbrotherhood.pdf]
[mbcenter.org/pub/ws/doc/ws_worldbrotherhood.doc]
[mbcenter.org/htm/meritbadges080a.html]
[mbcenter.org/pub/ws/ws_personalhealth.pdf]
[mbcenter.org/pub/ws/doc/ws_personalhealth.doc]
[mbcenter.org/pub/ws/ws_physicalfitness.pdf]
[mbcenter.org/pub/ws/doc/ws_physicalfitness.doc]
[mbcenter.org/htm/meritbadges726d.html]
[mbcenter.org/pub/ws/ws_ropework.pdf]
[mbcenter.org/pub/ws/doc/ws_ropework.doc]
[mbcenter.org/pub/ws/ws_safety.pdf]
[mbcenter.org/pub/ws/doc/ws_safety.doc]
[mbcenter.org/htm/meritbadgesbad9.html]
[mbcenter.org/pub/ws/ws_signaling.pdf]
[mbcenter.org/pub/ws/doc/ws_signaling.doc]
[mbcenter.org/pub/ws/ws_swimming.pdf]
[mbcenter.org/pub/ws/doc/ws_swimming.doc]
[mbcenter.org/htm/meritbadgesf1ec.html]
[mbcenter.org/pub/ws/ws_weather.pdf]
[mbcenter.org/pub/ws/doc/ws_weather.doc]
[mbcenter.org/htm/meritbadgesbb11.html]
[mbcenter.org/pub/ws/ws_astronomy.pdf]
[mbcenter.org/pub/ws/doc/ws_astronomy.doc]
[mbcenter.org/htm/meritbadges2591.html]
[mbcenter.org/pub/ws/ws_aviation.pdf]
[mbcenter.org/pub/ws/doc/ws_aviation.doc]
[mbcenter.org/pub/ws/ws_boating.pdf]
[mbcenter.org/pub/ws/doc/ws_boating.doc]
[mbcenter.org/pub/ws/ws_electricity.pdf]
[mbcenter.org/pub/ws/doc/ws_electricity.doc]
[mbcenter.org/htm/meritbadges1f42.html]
[mbcenter.org/pub/ws/ws_electronics.pdf]
[mbcenter.org/pub/ws/doc/ws_electronics.doc]
[mbcenter.org/htm/meritbadges6df8.html]
[mbcenter.org/pub/ws/ws_fishing.pdf]
[mbcenter.org/pub/ws/doc/ws_fishing.doc]
[mbcenter.org/htm/meritbadges401c.html]
[mbcenter.org/pub/ws/ws_forestry.pdf]
[mbcenter.org/pub/ws/doc/ws_forestry.doc]
[mbcenter.org/htm/meritbadges1ba8.html]
[mbcenter.org/pub/ws/ws_hiking.pdf]
[mbcenter.org/pub/ws/doc/ws_hiking.doc]
[mbcenter.org/pub/ws/ws_lifesaving.pdf]
[mbcenter.org/pub/ws/doc/ws_lifesaving.doc]
[mbcenter.org/htm/meritbadges7d42.html]
[mbcenter.org/pub/ws/ws_naturelore.pdf]
[mbcenter.org/pub/ws/doc/ws_naturelore.docx]
[mbcenter.org/htm/meritbadges3723.html]
[mbcenter.org/pub/ws/ws_pioneering.pdf]
[mbcenter.org/pub/ws/doc/ws_pioneering.doc]
[mbcenter.org/htm/meritbadges4681.html]
[mbcenter.org/pub/ws/ws_radio.pdf]
[mbcenter.org/pub/ws/doc/ws_radio.doc]
[mbcenter.org/htm/meritbadges06da.html]
[mbcenter.org/pub/ws/doc/ws_seamanship.doc]
[mbcenter.org/htm/meritbadgesfb53.html]
[mbcenter.org/pub/ws/ws_snorkeling.pdf]
[mbcenter.org/pub/ws/doc/ws_snorkeling.doc]
[mbcenter.org/htm/meritbadges16ec.html]
[mbcenter.org/pub/ws/ws_wildlifeconservation.pdf]
[mbcenter.org/pub/ws/doc/ws_wildlifeconservation.doc]
[mbcenter.org/pub/ws/ws_agriculture.pdf]
[mbcenter.org/pub/ws/doc/ws_agriculture.doc]
[mbcenter.org/htm/meritbadges69ea.html]
[mbcenter.org/pub/ws/ws_animalstudy.pdf]
[mbcenter.org/pub/ws/doc/ws_animalstudy.doc]
[mbcenter.org/htm/meritbadgesfac5.html]
[mbcenter.org/pub/ws/ws_archery.pdf]
[mbcenter.org/pub/ws/doc/ws_archery.doc]
[mbcenter.org/htm/meritbadgesfd08.html]
[mbcenter.org/pub/ws/ws_architecture.pdf]
[mbcenter.org/pub/ws/doc/ws_architecture.doc]
[mbcenter.org/htm/meritbadges8064.html]
[mbcenter.org/pub/ws/ws_art.pdf]
[mbcenter.org/pub/ws/doc/ws_art.doc]
[mbcenter.org/htm/meritbadges0b15.html]
[mbcenter.org/pub/ws/ws_athletics.pdf]
[mbcenter.org/pub/ws/doc/ws_athletics.doc]
[mbcenter.org/htm/meritbadges80ed.html]
[mbcenter.org/pub/ws/ws_automobiling.pdf]
[mbcenter.org/pub/ws/doc/ws_automobiling.doc]
[mbcenter.org/htm/meritbadges6269.html]
[mbcenter.org/pub/ws/ws_barbering.pdf]
[mbcenter.org/pub/ws/doc/ws_barbering.doc]
[mbcenter.org/htm/meritbadges2b43.html]
[mbcenter.org/pub/ws/ws_basketry.pdf]
[mbcenter.org/pub/ws/doc/ws_basketry.doc]
[mbcenter.org/htm/meritbadgesabb0.html]
[mbcenter.org/pub/ws/ws_beekeeping.pdf]
[mbcenter.org/pub/ws/doc/ws_beekeeping.doc]
[mbcenter.org/htm/meritbadgesd02c.html]
[mbcenter.org/pub/ws/ws_birdstudy.pdf]
[mbcenter.org/pub/ws/doc/ws_birdstudy.doc]
[mbcenter.org/htm/meritbadges821b.html]
[mbcenter.org/pub/ws/ws_blacksmithing.pdf]
[mbcenter.org/pub/ws/doc/ws_blacksmithing.docx]
[mbcenter.org/htm/meritbadges8bbb.html]
[mbcenter.org/pub/ws/ws_bookbinding.pdf]
[mbcenter.org/pub/ws/doc/ws_bookbinding.doc]
[mbcenter.org/htm/meritbadges1023.html]
[mbcenter.org/pub/ws/ws_botany.pdf]
[mbcenter.org/pub/ws/doc/ws_botany.doc]
[mbcenter.org/htm/meritbadges8860.html]
[mbcenter.org/pub/ws/ws_business.pdf]
[mbcenter.org/pub/ws/doc/ws_business.doc]
[mbcenter.org/htm/meritbadgesa386.html]
[mbcenter.org/pub/ws/ws_carpentry.pdf]
[mbcenter.org/pub/ws/doc/ws_carpentry.doc]
[mbcenter.org/htm/meritbadges2a66.html]
[mbcenter.org/pub/ws/ws_chemistry.pdf]
[mbcenter.org/pub/ws/doc/ws_chemistry.doc]
[mbcenter.org/pub/ws/ws_citizenshipinthecommunity.pdf]
[mbcenter.org/pub/ws/doc/ws_citizenshipinthecommunity.doc]
[mbcenter.org/pub/ws/ws_citizenshipinthehome.pdf]
[mbcenter.org/pub/ws/doc/ws_citizenshipinthehome.doc]
[mbcenter.org/pub/ws/ws_citizenshipinthenation.pdf]
[mbcenter.org/pub/ws/doc/ws_citizenshipinthenation.doc]
[mbcenter.org/htm/meritbadges306b.html]
[mbcenter.org/pub/ws/ws_coconutgrowing.pdf]
[mbcenter.org/pub/ws/doc/ws_coconutgrowing.doc]
[mbcenter.org/htm/meritbadges1c1e.html]
[mbcenter.org/pub/ws/ws_computers.pdf]
[mbcenter.org/pub/ws/doc/ws_computers.doc]
[mbcenter.org/htm/meritbadges0dd0.html]
[mbcenter.org/pub/ws/ws_cropproduction.pdf]
[mbcenter.org/pub/ws/doc/ws_cropproduction.doc]
[mbcenter.org/htm/meritbadges6544.html]
[mbcenter.org/pub/ws/ws_drafting.pdf]
[mbcenter.org/pub/ws/doc/ws_cycling.doc]
[mbcenter.org/htm/meritbadges24f9.html]
[mbcenter.org/pub/ws/ws_dairying.pdf]
[mbcenter.org/pub/ws/doc/ws_dairying.docx]
[mbcenter.org/htm/meritbadges0df1.html]
[mbcenter.org/htm/meritbadgesec6e.html]
[mbcenter.org/pub/ws/ws_dramatics.pdf]
[mbcenter.org/pub/ws/doc/ws_dramatics.doc]
[mbcenter.org/htm/meritbadges777d.html]
[mbcenter.org/pub/ws/ws_duckraising.pdf]
[mbcenter.org/pub/ws/doc/ws_duckraising.doc]
[mbcenter.org/pub/ws/ws_ecology.pdf]
[mbcenter.org/pub/ws/doc/ws_ecology.doc]
[mbcenter.org/htm/meritbadges5fc9.html]
[mbcenter.org/pub/ws/ws_engineering.pdf]
[mbcenter.org/pub/ws/doc/ws_engineering.doc]
[mbcenter.org/htm/meritbadges92ca.html]
[mbcenter.org/pub/ws/ws_environment.pdf]
[mbcenter.org/htm/meritbadges4cdf.html]
[mbcenter.org/pub/ws/ws_farmmanagement.pdf]
[mbcenter.org/pub/ws/doc/ws_farmmanagement.doc]
[mbcenter.org/htm/meritbadges20fe.html]
[mbcenter.org/pub/ws/ws_firemanship.pdf]
[mbcenter.org/pub/ws/doc/ws_firemanship.doc]
[mbcenter.org/htm/meritbadges0f44.html]
[mbcenter.org/pub/ws/ws_fishculture.pdf]
[mbcenter.org/pub/ws/doc/ws_fishculture.docx]
[mbcenter.org/htm/meritbadges93d9.html]
[mbcenter.org/pub/ws/ws_foodprocessing.pdf]
[mbcenter.org/pub/ws/doc/ws_foodprocessing.docx]
[mbcenter.org/htm/meritbadges2837.html]
[mbcenter.org/pub/ws/ws_fruitcultivation.pdf]
[mbcenter.org/pub/ws/doc/ws_fruitcultivation.doc]
[mbcenter.org/htm/meritbadges970f.html]
[mbcenter.org/pub/ws/ws_gardening.pdf]
[mbcenter.org/pub/ws/doc/ws_gardening.docx]
[mbcenter.org/htm/meritbadges17e5.html]
[mbcenter.org/pub/ws/ws_handicraft.pdf]
[mbcenter.org/pub/ws/doc/ws_handicraft.doc]
[mbcenter.org/htm/meritbadgesf42b.html]
[mbcenter.org/pub/ws/doc/ws_hobbiesandcollections.doc]
[mbcenter.org/htm/meritbadges55c6.html]
[mbcenter.org/pub/ws/ws_hograising.pdf]
[mbcenter.org/pub/ws/doc/ws_hograising.docx]
[mbcenter.org/htm/meritbadgese905.html]
[mbcenter.org/pub/ws/ws_homerepairs.pdf]
[mbcenter.org/pub/ws/doc/ws_homerepairs.doc]
[mbcenter.org/htm/meritbadgesf8a2.html]
[mbcenter.org/pub/ws/ws_horsemanship.pdf]
[mbcenter.org/pub/ws/doc/ws_horsemanship.doc]
[mbcenter.org/htm/meritbadgesedc4.html]
[mbcenter.org/pub/ws/ws_insectstudy.pdf]
[mbcenter.org/pub/ws/doc/ws_insectstudy.doc]
[mbcenter.org/htm/meritbadgesc2d9.html]
[mbcenter.org/pub/ws/ws_interpreting.pdf]
[mbcenter.org/pub/ws/doc/ws_interpreting.doc]
[mbcenter.org/htm/meritbadges8d0e.html]
[mbcenter.org/pub/ws/ws_journalism.pdf]
[mbcenter.org/pub/ws/doc/ws_journalism.doc]
[mbcenter.org/htm/meritbadges6899.html]
[mbcenter.org/pub/ws/ws_leathercraft.pdf]
[mbcenter.org/pub/ws/doc/ws_leathercraft.docx]
[mbcenter.org/htm/meritbadgesc8e0.html]
[mbcenter.org/pub/ws/ws_livestockraising.pdf]
[mbcenter.org/pub/ws/doc/ws_livestockraising.docx]
[mbcenter.org/htm/meritbadges0a68.html]
[mbcenter.org/pub/ws/ws_machineshoppractice.pdf]
[mbcenter.org/pub/ws/doc/ws_machineshoppractice.doc]
[mbcenter.org/htm/meritbadgesdbe9.html]
[mbcenter.org/pub/ws/ws_marksmanship.pdf]
[mbcenter.org/pub/ws/doc/ws_marksmanship.docx]
[mbcenter.org/htm/meritbadges45cc.html]
[mbcenter.org/pub/ws/ws_masonry.pdf]
[mbcenter.org/pub/ws/doc/ws_masonry.doc]
[mbcenter.org/htm/meritbadges1281.html]
[mbcenter.org/pub/ws/ws_metalwork.pdf]
[mbcenter.org/pub/ws/doc/ws_metalwork.docx]
[mbcenter.org/htm/meritbadgesec42.html]
[mbcenter.org/pub/ws/ws_music.pdf]
[mbcenter.org/pub/ws/doc/ws_music.doc]
[mbcenter.org/htm/meritbadges1083.html]
[mbcenter.org/pub/ws/ws_painting.pdf]
[mbcenter.org/pub/ws/doc/ws_painting.doc]
[mbcenter.org/htm/meritbadgesf00f.html]
[mbcenter.org/pub/ws/ws_pathfinding.pdf]
[mbcenter.org/pub/ws/doc/ws_pathfinding.doc]
[mbcenter.org/htm/meritbadges39d1.html]
[mbcenter.org/pub/ws/ws_petcare.pdf]
[mbcenter.org/pub/ws/doc/ws_petcare.doc]
[mbcenter.org/htm/meritbadges1f37.html]
[mbcenter.org/pub/ws/ws_photography.pdf]
[mbcenter.org/pub/ws/doc/ws_photography.doc]
[mbcenter.org/htm/meritbadges5e33.html]
[mbcenter.org/pub/ws/ws_pigeonraising.pdf]
[mbcenter.org/pub/ws/doc/ws_pigeonraising.docx]
[mbcenter.org/htm/meritbadges811b.html]
[mbcenter.org/pub/ws/doc/ws_plumbing.doc]
[mbcenter.org/pub/ws/ws_plumbing.pdf]
[mbcenter.org/htm/meritbadgesaf4b.html]
[mbcenter.org/pub/ws/ws_pottery.pdf]
[mbcenter.org/pub/ws/doc/ws_pottery.docx]
[mbcenter.org/htm/meritbadgesd25d.html]
[mbcenter.org/pub/ws/ws_poultryraising.pdf]
[mbcenter.org/pub/ws/doc/ws_poultryraising.doc]
[mbcenter.org/htm/meritbadges1221.html]
[mbcenter.org/pub/ws/ws_printing.pdf]
[mbcenter.org/pub/ws/doc/ws_printing.doc]
[mbcenter.org/htm/meritbadges9034.html]
[mbcenter.org/pub/ws/ws_publichealth.pdf]
[mbcenter.org/pub/ws/doc/ws_publichealth.doc]
[mbcenter.org/htm/meritbadgesd6a8.html]
[mbcenter.org/pub/ws/ws_publicspeaking.pdf]
[mbcenter.org/pub/ws/doc/ws_publicspeaking.doc]
[mbcenter.org/htm/meritbadgesaa76.html]
[mbcenter.org/pub/ws/ws_rabbitraising.pdf]
[mbcenter.org/pub/ws/doc/ws_rabbitraising.doc]
[mbcenter.org/htm/meritbadges2a8e.html]
[mbcenter.org/pub/ws/ws_reading.pdf]
[mbcenter.org/pub/ws/doc/ws_reading.doc]
[mbcenter.org/htm/meritbadges3448.html]
[mbcenter.org/pub/ws/ws_reptileandamphibianstudy.pdf]
[mbcenter.org/pub/ws/doc/ws_reptileandamphibianstudy.docx]
[mbcenter.org/htm/meritbadges38f9.html]
[mbcenter.org/pub/ws/ws_rizallore.pdf]
[mbcenter.org/pub/ws/doc/ws_rizallore.doc]
[mbcenter.org/htm/meritbadgesad0e.html]
[mbcenter.org/pub/ws/ws_salesmanship.pdf]
[mbcenter.org/pub/ws/doc/ws_salesmanship.docx]
[mbcenter.org/htm/meritbadges517e.html]
[mbcenter.org/pub/ws/ws_scholarship.pdf]
[mbcenter.org/pub/ws/doc/ws_scholarship.doc]
[mbcenter.org/htm/meritbadges70cb.html]
[mbcenter.org/pub/ws/ws_sculpture.pdf]
[mbcenter.org/pub/ws/doc/ws_sculpture.doc]
[mbcenter.org/pub/ws/ws_soilandwaterconservation.pdf]
[mbcenter.org/pub/ws/doc/ws_soilandwaterconservation.doc]
[mbcenter.org/htm/meritbadgesa2a0.html]
[mbcenter.org/pub/ws/ws_surveying.pdf]
[mbcenter.org/pub/ws/doc/ws_surveying.docx]
[mbcenter.org/htm/meritbadges6325.html]
[mbcenter.org/pub/ws/ws_tailoring.pdf]
[mbcenter.org/pub/ws/doc/ws_tailoring.docx]
[mbcenter.org/htm/meritbadgesc2b5.html]
[mbcenter.org/pub/ws/ws_teamsports.pdf]
[mbcenter.org/pub/ws/doc/ws_teamsports.doc]
[mbcenter.org/pub/ws/ws_treefarming.pdf]
[mbcenter.org/pub/ws/doc/ws_treefarming.doc]
[mbcenter.org/htm/meritbadgesf459.html]
[mbcenter.org/pub/ws/ws_woodcarving.pdf]
[mbcenter.org/pub/ws/doc/ws_woodcarving.doc]
[mbcenter.org/htm/meritbadges6beb.html]
[mbcenter.org/pub/ws/ws_woodwork.pdf]
[mbcenter.org/pub/ws/doc/ws_woodwork.docx]
[mbcenter.org/htm/pub/ws.html]
[mbcenter.org/htm/contactus/index.html]
[mbcenter.org/img/buttons/proudlypinoyontrans.png]
[mbcenter.org/htm/pub/mbcpaccolades.html]
[mbcenter.org/htm/pub/aboutauthor.html]
[mbcenter.org/htm/pub/credits.html]
[mbcenter.org/htm/pub/ip.html]
[mbcenter.org/htm/sitemap.html]
[mbcenter.org/htm/pub/mbcphistory.html]
[mbcenter.org/htm/pub/aboutlogo.html]
[mbcenter.org/htm/pub/aboutus.html]
[mbcenter.org/htm/pub/sitehelp.html]
[mbcenter.org/htm/contactus/contactus.html]
[mbcenter.org/pub/pdf/notes_earningmb.pdf]
[mbcenter.org/downloads/APP_MeritBadge.pdf]
[mbcenter.org/htm/pub/mbcounseling.html]
[mbcenter.org/htm/pub/mblearnearn.html]
[mbcenter.org/img/mbsash.gif]
[mbcenter.org/htm/pub/mbsash.html]
[mbcenter.org/htm/mbprintablef38d.html]
[mbcenter.org/htm/meritbadgesedd4.html]
[mbcenter.org/mbimagespng/agriculture.png]
[mbcenter.org/htm/meritbadges9b40.html]
[mbcenter.org/htm/mbprintable6d7e.html]
[mbcenter.org/mbimagespng/animalstudy.png]
[mbcenter.org/htm/meritbadges6d7e.html]
[mbcenter.org/htm/mbprintabled272.html]
[mbcenter.org/mbimagespng/archery.png]
[mbcenter.org/htm/meritbadgesd272.html]
[mbcenter.org/htm/mbprintable0f9a.html]
[mbcenter.org/mbimagespng/architecture.png]
[mbcenter.org/htm/meritbadges0f9a.html]
[mbcenter.org/htm/mbprintablecf60.html]
[mbcenter.org/mbimagespng/art.png]
[mbcenter.org/htm/meritbadgescf60.html]
[mbcenter.org/htm/mbprintable9ff1.html]
[mbcenter.org/mbimages/eaglerequired.jpg]
[mbcenter.org/mbimagespng/astronomy.png]
[mbcenter.org/htm/meritbadges9ff1.html]
[mbcenter.org/htm/mbprintablec4e3.html]
[mbcenter.org/mbimagespng/athletics.png]
[mbcenter.org/htm/meritbadgesc4e3.html]
[mbcenter.org/htm/mbprintable5f75.html]
[mbcenter.org/mbimagespng/automobiling.png]
[mbcenter.org/htm/meritbadges5f75.html]
[mbcenter.org/htm/mbprintable3e35.html]
[mbcenter.org/mbimagespng/aviation.png]
[mbcenter.org/htm/meritbadges3e35.html]
[mbcenter.org/htm/mbprintablee80e.html]
[mbcenter.org/mbimagespng/barbering.png]
[mbcenter.org/htm/meritbadgese80e.html]
[mbcenter.org/htm/mbprintable83ff.html]
[mbcenter.org/mbimagespng/basketry.png]
[mbcenter.org/htm/meritbadges83ff.html]
[mbcenter.org/htm/mbprintabled3e8.html]
[mbcenter.org/mbimagespng/beekeeping.png]
[mbcenter.org/htm/meritbadgesd3e8.html]
[mbcenter.org/htm/mbprintabled6e0.html]
[mbcenter.org/mbimagespng/birdstudy.png]
[mbcenter.org/htm/meritbadgesd6e0.html]
[mbcenter.org/htm/mbprintableb087.html]
[mbcenter.org/mbimagespng/blacksmithing.png]
[mbcenter.org/htm/meritbadgesb087.html]
[mbcenter.org/htm/mbprintable88ef.html]
[mbcenter.org/mbimagespng/botany.png]
[mbcenter.org/htm/meritbadges88ef.html]
[mbcenter.org/htm/mbprintablec055.html]
[mbcenter.org/mbimagespng/bookbinding.png]
[mbcenter.org/htm/meritbadgesc055.html]
[mbcenter.org/htm/mbprintable7204.html]
[mbcenter.org/mbimagespng/boating.png]
[mbcenter.org/htm/meritbadges0387.html]
[mbcenter.org/htm/mbprintable1eda.html]
[mbcenter.org/mbimagespng/business.png]
[mbcenter.org/htm/meritbadges1eda.html]
[mbcenter.org/htm/mbprintablea6ee.html]
[mbcenter.org/mbimagespng/camping.png]
[mbcenter.org/htm/meritbadgesc460.html]
[mbcenter.org/htm/mbprintable5712.html]
[mbcenter.org/mbimagespng/carpentry.png]
[mbcenter.org/htm/meritbadges5712.html]
[mbcenter.org/htm/mbprintable562b.html]
[mbcenter.org/mbimagespng/chemistry.png]
[mbcenter.org/htm/meritbadges562b.html]
[mbcenter.org/htm/mbprintablecf95.html]
[mbcenter.org/mbimagespng/citizenship.png]
[mbcenter.org/htm/meritbadges67e1.html]
[mbcenter.org/htm/mbprintablec86f.html]
[mbcenter.org/mbimagespng/citizenshipinthecommunity.png]
[mbcenter.org/htm/meritbadgesdbf5.html]
[mbcenter.org/htm/mbprintable3d18.html]
[mbcenter.org/mbimagespng/citizenshipinthehome.png]
[mbcenter.org/htm/meritbadges7126.html]
[mbcenter.org/htm/mbprintable701f.html]
[mbcenter.org/mbimagespng/citizenshipinthenation.png]
[mbcenter.org/htm/meritbadgesb306.html]
[mbcenter.org/htm/mbprintableb8d2.html]
[mbcenter.org/mbimagespng/coconutgrowing.png]
[mbcenter.org/htm/meritbadgesb8d2.html]
[mbcenter.org/htm/mbprintable6db8.html]
[mbcenter.org/mbimagespng/computers.png]
[mbcenter.org/htm/meritbadges6db8.html]
[mbcenter.org/htm/mbprintable8f44.html]
[mbcenter.org/mbimagespng/cooking.png]
[mbcenter.org/htm/meritbadges8f44.html]
[mbcenter.org/htm/mbprintable53f0.html]
[mbcenter.org/mbimagespng/cropproduction.png]
[mbcenter.org/htm/meritbadges53f0.html]
[mbcenter.org/pub/ws/ws_cycling.pdf]
[mbcenter.org/htm/mbprintabled2dc.html]
[mbcenter.org/mbimagespng/cycling.png]
[mbcenter.org/htm/meritbadgesd2dc.html]
[mbcenter.org/htm/mbprintabled632.html]
[mbcenter.org/mbimagespng/dairying.png]
[mbcenter.org/htm/meritbadgesd632.html]
[mbcenter.org/htm/mbprintable5763.html]
[mbcenter.org/mbimagespng/drafting.png]
[mbcenter.org/htm/meritbadges5763.html]
[mbcenter.org/htm/mbprintable1e8f.html]
[mbcenter.org/mbimagespng/dramatics.png]
[mbcenter.org/htm/meritbadges1e8f.html]
[mbcenter.org/htm/mbprintable1d5d.html]
[mbcenter.org/mbimagespng/duckraising.png]
[mbcenter.org/htm/meritbadges1d5d.html]
[mbcenter.org/pub/ws/ws_earngreen.pdf]
[mbcenter.org/htm/mbprintabled310.html]
[mbcenter.org/mbimagespng/earngreen.png]
[mbcenter.org/htm/meritbadgesd310.html]
[mbcenter.org/htm/mbprintableb57e.html]
[mbcenter.org/mbimagespng/ecology.png]
[mbcenter.org/htm/meritbadges632e.html]
[mbcenter.org/htm/mbprintablecaf3.html]
[mbcenter.org/mbimagespng/electricity.png]
[mbcenter.org/htm/meritbadges57b3.html]
[mbcenter.org/htm/mbprintableb1d0.html]
[mbcenter.org/mbimagespng/electronics.png]
[mbcenter.org/htm/meritbadgesb1d0.html]
[mbcenter.org/htm/mbprintable922f.html]
[mbcenter.org/mbimagespng/engineering.png]
[mbcenter.org/htm/meritbadges922f.html]
[mbcenter.org/htm/mbprintabled2b6.html]
[mbcenter.org/mbimagespng/environment.png]
[mbcenter.org/htm/meritbadgesd2b6.html]
[mbcenter.org/htm/mbprintable38e7.html]
[mbcenter.org/mbimagespng/emergencypreparedness.png]
[mbcenter.org/htm/meritbadgesb2e2.html]
[mbcenter.org/htm/mbprintableb481.html]
[mbcenter.org/mbimagespng/farmmanagement.png]
[mbcenter.org/htm/meritbadgesb481.html]
[mbcenter.org/htm/mbprintable14e1.html]
[mbcenter.org/mbimagespng/filipinoheritage.png]
[mbcenter.org/htm/meritbadgesc45b.html]
[mbcenter.org/htm/mbprintable391d.html]
[mbcenter.org/mbimagespng/firemanship.png]
[mbcenter.org/htm/meritbadges391d.html]
[mbcenter.org/htm/mbprintableeb27.html]
[mbcenter.org/mbimagespng/fishculture.png]
[mbcenter.org/htm/meritbadgeseb27.html]
[mbcenter.org/htm/mbprintablee7a1.html]
[mbcenter.org/mbimagespng/fishing.png]
[mbcenter.org/htm/meritbadgese7a1.html]
[mbcenter.org/htm/mbprintable1d38.html]
[mbcenter.org/mbimagespng/firstaid.png]
[mbcenter.org/htm/meritbadgesb7e8.html]
[mbcenter.org/htm/mbprintable1f40.html]
[mbcenter.org/mbimagespng/foodprocessing.png]
[mbcenter.org/htm/meritbadges1f40.html]
[mbcenter.org/htm/mbprintable8862.html]
[mbcenter.org/mbimagespng/forestry.png]
[mbcenter.org/htm/meritbadges8862.html]
[mbcenter.org/htm/mbprintable68cd.html]
[mbcenter.org/mbimagespng/fruitcultivation.png]
[mbcenter.org/htm/meritbadges68cd.html]
[mbcenter.org/htm/mbprintableab54.html]
[mbcenter.org/mbimagespng/gardening.png]
[mbcenter.org/htm/meritbadgesab54.html]
[mbcenter.org/htm/mbprintable23c9.html]
[mbcenter.org/mbimagespng/globalcitizenship.png]
[mbcenter.org/htm/meritbadges23c9.html]
[mbcenter.org/pub/ws/ws_gogreen.pdf]
[mbcenter.org/htm/mbprintable29c8.html]
[mbcenter.org/mbimagespng/gogreen.png]
[mbcenter.org/htm/meritbadges29c8.html]
[mbcenter.org/pub/ws/ws_growgreen.pdf]
[mbcenter.org/htm/mbprintable43db.html]
[mbcenter.org/mbimagespng/growgreen.png]
[mbcenter.org/htm/meritbadges43db.html]
[mbcenter.org/htm/mbprintable57d8.html]
[mbcenter.org/mbimagespng/handicraft.png]
[mbcenter.org/htm/meritbadges57d8.html]
[mbcenter.org/htm/mbprintablea4be.html]
[mbcenter.org/mbimagespng/hiking.png]
[mbcenter.org/htm/meritbadgesa4be.html]
[mbcenter.org/pub/ws/ws_hobbiesandcollection.pdf]
[mbcenter.org/htm/mbprintable2b1f.html]
[mbcenter.org/mbimagespng/hobbiesandcollection.png]
[mbcenter.org/htm/meritbadges2b1f.html]
[mbcenter.org/htm/mbprintablec938.html]
[mbcenter.org/mbimagespng/hograising.png]
[mbcenter.org/htm/meritbadgesc938.html]
[mbcenter.org/htm/mbprintabled978.html]
[mbcenter.org/mbimagespng/homerepairs.png]
[mbcenter.org/htm/meritbadgesd978.html]
[mbcenter.org/htm/mbprintable0691.html]
[mbcenter.org/mbimagespng/horsemanship.png]
[mbcenter.org/htm/meritbadges0691.html]
[mbcenter.org/htm/mbprintable2fb2.html]
[mbcenter.org/mbimagespng/insectstudy.png]
[mbcenter.org/htm/meritbadges2fb2.html]
[mbcenter.org/htm/mbprintable0958.html]
[mbcenter.org/mbimagespng/interpreting.png]
[mbcenter.org/htm/meritbadges0958.html]
[mbcenter.org/htm/mbprintable95ae.html]
[mbcenter.org/mbimagespng/journalism.png]
[mbcenter.org/htm/meritbadges95ae.html]
[mbcenter.org/htm/mbprintabled472.html]
[mbcenter.org/mbimagespng/leathercraft.png]
[mbcenter.org/htm/meritbadgesd472.html]
[mbcenter.org/htm/mbprintable60e5.html]
[mbcenter.org/mbimagespng/lifesaving.png]
[mbcenter.org/htm/meritbadges27a7.html]
[mbcenter.org/htm/mbprintable2715.html]
[mbcenter.org/mbimagespng/livestockraising.png]
[mbcenter.org/htm/meritbadges2715.html]
[mbcenter.org/htm/mbprintable839f.html]
[mbcenter.org/mbimagespng/machineshoppractice.png]
[mbcenter.org/htm/meritbadges839f.html]
[mbcenter.org/htm/mbprintable2d77.html]
[mbcenter.org/mbimagespng/marksmanship.png]
[mbcenter.org/htm/meritbadges2d77.html]
[mbcenter.org/htm/mbprintablecd73.html]
[mbcenter.org/mbimagespng/masonry.png]
[mbcenter.org/htm/meritbadgescd73.html]
[mbcenter.org/htm/mbprintable1f91.html]
[mbcenter.org/mbimagespng/metalwork.png]
[mbcenter.org/htm/meritbadges1f91.html]
[mbcenter.org/htm/mbprintabled302.html]
[mbcenter.org/mbimagespng/music.png]
[mbcenter.org/htm/meritbadgesd302.html]
[mbcenter.org/htm/mbprintable21d5.html]
[mbcenter.org/mbimagespng/naturelore.png]
[mbcenter.org/htm/meritbadges21d5.html]
[mbcenter.org/htm/mbprintable3a55.html]
[mbcenter.org/mbimagespng/navigation.png]
[mbcenter.org/htm/meritbadges3a55.html]
[mbcenter.org/htm/mbprintable0ff2.html]
[mbcenter.org/mbimagespng/painting.png]
[mbcenter.org/htm/meritbadges0ff2.html]
[mbcenter.org/htm/mbprintable9d9d.html]
[mbcenter.org/mbimagespng/pathfinding.png]
[mbcenter.org/htm/meritbadges9d9d.html]
[mbcenter.org/htm/mbprintable77b1.html]
[mbcenter.org/mbimagespng/personalhealth.png]
[mbcenter.org/htm/meritbadges77b1.html]
[mbcenter.org/htm/mbprintablea1b8.html]
[mbcenter.org/mbimagespng/petcare.png]
[mbcenter.org/htm/meritbadgesa1b8.html]
[mbcenter.org/htm/mbprintablee37e.html]
[mbcenter.org/mbimagespng/photography.png]
[mbcenter.org/htm/meritbadgese37e.html]
[mbcenter.org/htm/mbprintableb6b6.html]
[mbcenter.org/mbimagespng/physicalfitness.png]
[mbcenter.org/htm/meritbadgesf17a.html]
[mbcenter.org/htm/mbprintable1139.html]
[mbcenter.org/mbimagespng/pigeonraising.png]
[mbcenter.org/htm/meritbadges7b79.html]
[mbcenter.org/htm/mbprintableecc1.html]
[mbcenter.org/mbimagespng/pioneering.png]
[mbcenter.org/htm/meritbadges95dd.html]
[mbcenter.org/htm/mbprintablecad4.html]
[mbcenter.org/mbimagespng/plumbing.png]
[mbcenter.org/htm/meritbadgescad4.html]
[mbcenter.org/htm/mbprintabled866.html]
[mbcenter.org/mbimagespng/pottery.png]
[mbcenter.org/htm/meritbadgesd866.html]
[mbcenter.org/htm/mbprintable112a.html]
[mbcenter.org/mbimagespng/poultryraising.png]
[mbcenter.org/htm/meritbadges112a.html]
[mbcenter.org/htm/mbprintable4a1d.html]
[mbcenter.org/mbimagespng/printing.png]
[mbcenter.org/htm/meritbadges4a1d.html]
[mbcenter.org/htm/mbprintableae83.html]
[mbcenter.org/mbimagespng/publichealth.png]
[mbcenter.org/htm/meritbadgesae83.html]
[mbcenter.org/htm/mbprintablec2dd.html]
[mbcenter.org/mbimagespng/publicspeaking.png]
[mbcenter.org/htm/meritbadgesc2dd.html]
[mbcenter.org/htm/mbprintableb503.html]
[mbcenter.org/mbimagespng/rabbitraising.png]
[mbcenter.org/htm/meritbadgesb503.html]
[mbcenter.org/htm/mbprintable7bf0.html]
[mbcenter.org/mbimagespng/radio.png]
[mbcenter.org/htm/meritbadges7bf0.html]
[mbcenter.org/htm/mbprintablee94e.html]
[mbcenter.org/mbimagespng/reading.png]
[mbcenter.org/htm/meritbadgese94e.html]
[mbcenter.org/htm/mbprintable5bc4.html]
[mbcenter.org/mbimagespng/reptileandamphibianstudy.png]
[mbcenter.org/htm/meritbadges5bc4.html]
[mbcenter.org/htm/mbprintableb7d9.html]
[mbcenter.org/mbimagespng/rizallore.png]
[mbcenter.org/htm/meritbadgesb7d9.html]
[mbcenter.org/htm/mbprintable9888.html]
[mbcenter.org/mbimagespng/ropework.png]
[mbcenter.org/htm/meritbadges9888.html]
[mbcenter.org/htm/mbprintable9bfb.html]
[mbcenter.org/mbimagespng/safety.png]
[mbcenter.org/htm/meritbadges5608.html]
[mbcenter.org/htm/mbprintablea07f.html]
[mbcenter.org/mbimagespng/salesmanship.png]
[mbcenter.org/htm/meritbadgesa07f.html]
[mbcenter.org/htm/mbprintablea76a.html]
[mbcenter.org/mbimagespng/scholarship.png]
[mbcenter.org/htm/meritbadgesa76a.html]
[mbcenter.org/htm/mbprintable26ac.html]
[mbcenter.org/mbimagespng/sculpture.png]
[mbcenter.org/htm/meritbadges26ac.html]
[mbcenter.org/pub/ws/ws_seamanship.pdf]
[mbcenter.org/htm/mbprintable0572.html]
[mbcenter.org/mbimagespng/seamanship.png]
[mbcenter.org/htm/meritbadges0572.html]
[mbcenter.org/htm/mbprintablede71.html]
[mbcenter.org/mbimagespng/signaling.png]
[mbcenter.org/htm/meritbadgesde71.html]
[mbcenter.org/htm/mbprintable0431.html]
[mbcenter.org/mbimagespng/snorkeling.png]
[mbcenter.org/htm/meritbadges0431.html]
[mbcenter.org/htm/mbprintablece78.html]
[mbcenter.org/mbimagespng/soilandwaterconservation.png]
[mbcenter.org/htm/meritbadgesf7af.html]
[mbcenter.org/htm/mbprintable65db.html]
[mbcenter.org/mbimagespng/surveying.png]
[mbcenter.org/htm/meritbadges65db.html]
[mbcenter.org/htm/mbprintableaeca.html]
[mbcenter.org/mbimagespng/swimming.png]
[mbcenter.org/htm/meritbadgesa80c.html]
[mbcenter.org/htm/mbprintablec738.html]
[mbcenter.org/mbimagespng/tailoring.png]
[mbcenter.org/htm/meritbadgesc738.html]
[mbcenter.org/htm/mbprintable3aca.html]
[mbcenter.org/mbimagespng/teamsports.png]
[mbcenter.org/htm/meritbadges3aca.html]
[mbcenter.org/htm/mbprintable2f94.html]
[mbcenter.org/mbimagespng/treefarming.png]
[mbcenter.org/htm/meritbadges6acc.html]
[mbcenter.org/htm/mbprintable8041.html]
[mbcenter.org/mbimagespng/weather.png]
[mbcenter.org/htm/meritbadges8041.html]
[mbcenter.org/htm/mbprintabled5c8.html]
[mbcenter.org/mbimagespng/wildlifeconservation.png]
[mbcenter.org/htm/meritbadgesd5c8.html]
[mbcenter.org/htm/mbprintabledab1.html]
[mbcenter.org/mbimagespng/woodcarving.png]
[mbcenter.org/htm/meritbadgesdab1.html]
[mbcenter.org/htm/mbprintabled78f.html]
[mbcenter.org/mbimagespng/woodwork.png]
[mbcenter.org/htm/meritbadgesd78f.html]
[mbcenter.org/htm/pub/mbcpterms.html]
[mbcenter.org/htm/pub/advprocess.html]
[mbcenter.org/htm/rnkprintabled6e6.html]
[mbcenter.org/mbimages/pp-bsmembership.jpg]
[mbcenter.org/htm/ranksd6e6.html]
[mbcenter.org/htm/rnkprintabledad4.html]
[mbcenter.org/mbimages/pp-tenderfoot.jpg]
[mbcenter.org/htm/ranksdad4.html]
[mbcenter.org/htm/mbinworks.html]
[mbcenter.org/htm/rnkprintable4310.html]
[mbcenter.org/mbimages/pp-secondclass.jpg]
[mbcenter.org/htm/ranks4310.html]
[mbcenter.org/htm/rnkprintable67ef.html]
[mbcenter.org/mbimages/pp-firstclass.jpg]
[mbcenter.org/htm/ranks67ef.html]
[mbcenter.org/htm/rnkprintable220a.html]
[mbcenter.org/mbimages/pp-service.jpg]
[mbcenter.org/htm/ranks220a.html]
[mbcenter.org/htm/rnkprintabled492.html]
[mbcenter.org/mbimages/pp-citizen.jpg]
[mbcenter.org/htm/ranksd492.html]
[mbcenter.org/pub/ws/ws_rnk_pp-membership.pdf]
[mbcenter.org/htm/rnkprintable2f5f.html]
[mbcenter.org/mbimages/pp-membership.jpg]
[mbcenter.org/htm/ranks2f5f.html]
[mbcenter.org/htm/rnkprintable1254.html]
[mbcenter.org/mbimages/pp-explorer.jpg]
[mbcenter.org/htm/ranks1254.html]
[mbcenter.org/htm/rnkprintable29a4.html]
[mbcenter.org/mbimages/pp-pathfinder.jpg]
[mbcenter.org/htm/ranks29a4.html]
[mbcenter.org/htm/rnkprintablea30c.html]
[mbcenter.org/mbimages/pp-outdoor.jpg]
[mbcenter.org/htm/ranksa30c.html]
[mbcenter.org/htm/rnkprintable42b7.html]
[mbcenter.org/mbimages/pp-venturer.jpg]
[mbcenter.org/htm/ranks42b7.html]
[mbcenter.org/htm/rnkprintable16a5.html]
[mbcenter.org/mbimages/pp-eagle.jpg]
[mbcenter.org/htm/ranks16a5.html]
[mbcenter.org/htm/meritbadgelist.html]
[mbcenter.org/htm/meritbadges9bfb.html]
[mbcenter.org/htm/meritbadgescf95.html]
[mbcenter.org/htm/meritbadges14e1.html]
[mbcenter.org/htm/meritbadgesb6b6.html]
[mbcenter.org/htm/meritbadges1d38.html]
[mbcenter.org/htm/meritbadgesa6ee.html]
[mbcenter.org/htm/meritbadgesaeca.html]
[mbcenter.org/htm/meritbadges38e7.html]
[mbcenter.org/htm/meritbadgesecc1.html]
[mbcenter.org/htm/meritbadgescaf3.html]
[mbcenter.org/htm/meritbadges7204.html]
[mbcenter.org/htm/meritbadges60e5.html]
[mbcenter.org/downloads/SS-Eagle-Scout-Passport-FINAL-1.html]
[mbcenter.org/htm/meritbadgeseef1.html]
[mbcenter.org/htm/meritbadgesf4ee.html]
[mbcenter.org/htm/meritbadges080a.html]
[mbcenter.org/htm/meritbadges726d.html]
[mbcenter.org/htm/meritbadgesbad9.html]
[mbcenter.org/htm/meritbadgesf1ec.html]
[mbcenter.org/htm/meritbadgesbb11.html]
[mbcenter.org/htm/meritbadges2591.html]
[mbcenter.org/htm/meritbadges1f42.html]
[mbcenter.org/htm/meritbadges6df8.html]
[mbcenter.org/htm/meritbadges401c.html]
[mbcenter.org/htm/meritbadges1ba8.html]
[mbcenter.org/htm/meritbadges7d42.html]
[mbcenter.org/htm/meritbadges3723.html]
[mbcenter.org/htm/meritbadges4681.html]
[mbcenter.org/htm/meritbadges06da.html]
[mbcenter.org/htm/meritbadgesfb53.html]
[mbcenter.org/htm/meritbadges16ec.html]
[mbcenter.org/htm/meritbadges69ea.html]
[mbcenter.org/htm/meritbadgesfac5.html]
[mbcenter.org/htm/meritbadgesfd08.html]
[mbcenter.org/htm/meritbadges8064.html]
[mbcenter.org/htm/meritbadges0b15.html]
[mbcenter.org/htm/meritbadges80ed.html]
[mbcenter.org/htm/meritbadges6269.html]
[mbcenter.org/htm/meritbadges2b43.html]
[mbcenter.org/htm/meritbadgesabb0.html]
[mbcenter.org/htm/meritbadgesd02c.html]
[mbcenter.org/htm/meritbadges821b.html]
[mbcenter.org/htm/meritbadges8bbb.html]
[mbcenter.org/htm/meritbadges1023.html]
[mbcenter.org/htm/meritbadges8860.html]
[mbcenter.org/htm/meritbadgesa386.html]
[mbcenter.org/htm/meritbadges2a66.html]
[mbcenter.org/htm/meritbadges306b.html]
[mbcenter.org/htm/meritbadges1c1e.html]
[mbcenter.org/htm/meritbadges0dd0.html]
[mbcenter.org/htm/meritbadges6544.html]
[mbcenter.org/htm/meritbadges24f9.html]
[mbcenter.org/htm/meritbadges0df1.html]
[mbcenter.org/htm/meritbadgesec6e.html]
[mbcenter.org/htm/meritbadges777d.html]
[mbcenter.org/htm/meritbadges5fc9.html]
[mbcenter.org/htm/meritbadges92ca.html]
[mbcenter.org/htm/meritbadges4cdf.html]
[mbcenter.org/htm/meritbadges20fe.html]
[mbcenter.org/htm/meritbadges0f44.html]
[mbcenter.org/htm/meritbadges93d9.html]
[mbcenter.org/htm/meritbadges2837.html]
[mbcenter.org/htm/meritbadges970f.html]
[mbcenter.org/htm/meritbadges17e5.html]
[mbcenter.org/htm/meritbadgesf42b.html]
[mbcenter.org/pub/ws/ws_hobbiesandcollections.html]
[mbcenter.org/htm/meritbadges55c6.html]
[mbcenter.org/htm/meritbadgese905.html]
[mbcenter.org/htm/meritbadgesf8a2.html]
[mbcenter.org/htm/meritbadgesedc4.html]
[mbcenter.org/htm/meritbadgesc2d9.html]
[mbcenter.org/htm/meritbadges8d0e.html]
[mbcenter.org/htm/meritbadges6899.html]
[mbcenter.org/htm/meritbadgesc8e0.html]
[mbcenter.org/htm/meritbadges0a68.html]
[mbcenter.org/htm/meritbadgesdbe9.html]
[mbcenter.org/htm/meritbadges45cc.html]
[mbcenter.org/htm/meritbadges1281.html]
[mbcenter.org/htm/meritbadgesec42.html]
[mbcenter.org/htm/meritbadges1083.html]
[mbcenter.org/htm/meritbadgesf00f.html]
[mbcenter.org/htm/meritbadges39d1.html]
[mbcenter.org/htm/meritbadges1f37.html]
[mbcenter.org/htm/meritbadges5e33.html]
[mbcenter.org/htm/meritbadges811b.html]
[mbcenter.org/htm/meritbadgesaf4b.html]
[mbcenter.org/htm/meritbadgesd25d.html]
[mbcenter.org/htm/meritbadges1221.html]
[mbcenter.org/htm/meritbadges9034.html]
[mbcenter.org/htm/meritbadgesd6a8.html]
[mbcenter.org/htm/meritbadgesaa76.html]
[mbcenter.org/htm/meritbadges2a8e.html]
[mbcenter.org/htm/meritbadges3448.html]
[mbcenter.org/htm/meritbadges38f9.html]
[mbcenter.org/htm/meritbadgesad0e.html]
[mbcenter.org/htm/meritbadges517e.html]
[mbcenter.org/htm/meritbadges70cb.html]
[mbcenter.org/htm/meritbadgesa2a0.html]
[mbcenter.org/htm/meritbadges6325.html]
[mbcenter.org/htm/meritbadgesc2b5.html]
[mbcenter.org/htm/meritbadgesf459.html]
[mbcenter.org/htm/meritbadges6beb.html]
[mbcenter.org/htm/pub/mbcpaccolades.html]
[mbcenter.org/htm/pub/aboutauthor.html]
[mbcenter.org/htm/pub/credits.html]
[mbcenter.org/htm/pub/ip.html]
[mbcenter.org/index.php]
[mbcenter.org/htm/index-2.html]
[mbcenter.org/htm/pub/ws-prepassport.html]
[mbcenter.org/htm/pub/conductingbors.html]
[mbcenter.org/htm/pub/requirementproblems.html]
[mbcenter.org/htm/mbgroup.html]
[mbcenter.org/htm/linkingtombcp.html]
[mbcenter.org/htm/mbquicklink.html]
[mbcenter.org/htm/sitemap.html]
[mbcenter.org/img/images/scr_mbcp01.jpg]
[mbcenter.org/img/images/scr_mbcp02.jpg]
[mbcenter.org/img/images/scr_mbcp03.jpg]
[mbcenter.org/img/images/scr_mbcp04.jpg]
[mbcenter.org/img/images/scr_mbcp05.jpg]
[mbcenter.org/img/images/scr_mbcp06.jpg]
[mbcenter.org/img/images/scr_mbcp07.jpg]
[mbcenter.org/img/img_eagleyp.jpg]
[mbcenter.org/htm/pub/mbcphistory.html]
[mbcenter.org/img/images/logo_mbcp.gif]
[mbcenter.org/htm/pub/aboutlogo.html]
[mbcenter.org/htm/contactus/contactus.html]
[mbcenter.org/htm/submitasite.html]
[mbcenter.org/pub/pdf/les_meritbadgecounselor.pdf]
[mbcenter.org/htm/pub/mbcounseling.html]
[mbcenter.org/mbbwimages/agriculture.jpg]
[mbcenter.org/htm/mbprintablef38d.html]
[mbcenter.org/htm/mbprintableedd4.html]
[mbcenter.org/htm/meritbadgesedd4.html]
[mbcenter.org/mbbwimages/animalstudy.jpg]
[mbcenter.org/htm/mbprintable6d7e.html]
[mbcenter.org/mbbwimages/archery.jpg]
[mbcenter.org/htm/mbprintabled272.html]
[mbcenter.org/mbbwimages/architecture.jpg]
[mbcenter.org/htm/mbprintable0f9a.html]
[mbcenter.org/mbbwimages/art.jpg]
[mbcenter.org/htm/mbprintablecf60.html]
[mbcenter.org/mbbwimages/astronomy.jpg]
[mbcenter.org/htm/mbprintable9ff1.html]
[mbcenter.org/mbbwimages/athletics.jpg]
[mbcenter.org/htm/mbprintablec4e3.html]
[mbcenter.org/mbbwimages/automobiling.jpg]
[mbcenter.org/htm/mbprintable5f75.html]
[mbcenter.org/mbbwimages/aviation.jpg]
[mbcenter.org/htm/mbprintable3e35.html]
[mbcenter.org/mbbwimages/barbering.jpg]
[mbcenter.org/htm/mbprintablee80e.html]
[mbcenter.org/mbbwimages/basketry.jpg]
[mbcenter.org/htm/mbprintable83ff.html]
[mbcenter.org/mbbwimages/beekeeping.jpg]
[mbcenter.org/htm/mbprintabled3e8.html]
[mbcenter.org/mbbwimages/birdstudy.jpg]
[mbcenter.org/htm/mbprintabled6e0.html]
[mbcenter.org/mbbwimages/blacksmithing.jpg]
[mbcenter.org/htm/mbprintableb087.html]
[mbcenter.org/mbbwimages/botany.jpg]
[mbcenter.org/htm/mbprintable88ef.html]
[mbcenter.org/mbbwimages/bookbinding.jpg]
[mbcenter.org/htm/mbprintablec055.html]
[mbcenter.org/mbbwimages/boating.jpg]
[mbcenter.org/htm/mbprintable7204.html]
[mbcenter.org/mbbwimages/business.jpg]
[mbcenter.org/htm/mbprintable1eda.html]
[mbcenter.org/mbbwimages/camping.jpg]
[mbcenter.org/htm/mbprintablea6ee.html]
[mbcenter.org/mbbwimages/carpentry.jpg]
[mbcenter.org/htm/mbprintable5712.html]
[mbcenter.org/mbbwimages/chemistry.jpg]
[mbcenter.org/htm/mbprintable562b.html]
[mbcenter.org/mbbwimages/citizenship.jpg]
[mbcenter.org/htm/mbprintablecf95.html]
[mbcenter.org/mbbwimages/citizenshipinthecommunity.jpg]
[mbcenter.org/htm/mbprintablec86f.html]
[mbcenter.org/mbbwimages/citizenshipinthehome.jpg]
[mbcenter.org/htm/mbprintable3d18.html]
[mbcenter.org/mbbwimages/citizenshipinthenation.jpg]
[mbcenter.org/htm/mbprintable701f.html]
[mbcenter.org/htm/mbprintableb8d2.html]
[mbcenter.org/mbbwimages/computers.jpg]
[mbcenter.org/htm/mbprintable6db8.html]
[mbcenter.org/mbbwimages/cooking.jpg]
[mbcenter.org/htm/mbprintable8f44.html]
[mbcenter.org/mbbwimages/cropproduction.jpg]
[mbcenter.org/htm/mbprintable53f0.html]
[mbcenter.org/mbbwimages/cycling.jpg]
[mbcenter.org/htm/mbprintabled2dc.html]
[mbcenter.org/mbbwimages/dairying.jpg]
[mbcenter.org/htm/mbprintabled632.html]
[mbcenter.org/mbbwimages/drafting.jpg]
[mbcenter.org/htm/mbprintable5763.html]
[mbcenter.org/mbbwimages/dramatics.jpg]
[mbcenter.org/htm/mbprintable1e8f.html]
[mbcenter.org/mbbwimages/duckraising.jpg]
[mbcenter.org/htm/mbprintable1d5d.html]
[mbcenter.org/mbbwimages/earngreen.jpg]
[mbcenter.org/htm/mbprintabled310.html]
[mbcenter.org/mbbwimages/ecology.jpg]
[mbcenter.org/htm/mbprintableb57e.html]
[mbcenter.org/mbbwimages/electricity.jpg]
[mbcenter.org/htm/mbprintablecaf3.html]
[mbcenter.org/mbbwimages/electronics.jpg]
[mbcenter.org/htm/mbprintableb1d0.html]
[mbcenter.org/mbbwimages/engineering.jpg]
[mbcenter.org/htm/mbprintable922f.html]
[mbcenter.org/mbbwimages/environment.jpg]
[mbcenter.org/htm/mbprintabled2b6.html]
[mbcenter.org/mbbwimages/emergencypreparedness.jpg]
[mbcenter.org/htm/mbprintable38e7.html]
[mbcenter.org/mbbwimages/farmmanagement.jpg]
[mbcenter.org/htm/mbprintableb481.html]
[mbcenter.org/mbbwimages/filipinoheritage.jpg]
[mbcenter.org/htm/mbprintable14e1.html]
[mbcenter.org/mbbwimages/firemanship.jpg]
[mbcenter.org/htm/mbprintable391d.html]
[mbcenter.org/mbbwimages/fishculture.jpg]
[mbcenter.org/htm/mbprintableeb27.html]
[mbcenter.org/mbbwimages/fishing.jpg]
[mbcenter.org/htm/mbprintablee7a1.html]
[mbcenter.org/mbbwimages/firstaid.jpg]
[mbcenter.org/htm/mbprintable1d38.html]
[mbcenter.org/mbbwimages/foodprocessing.jpg]
[mbcenter.org/htm/mbprintable1f40.html]
[mbcenter.org/mbbwimages/forestry.jpg]
[mbcenter.org/htm/mbprintable8862.html]
[mbcenter.org/mbbwimages/fruitcultivation.jpg]
[mbcenter.org/htm/mbprintable68cd.html]
[mbcenter.org/mbbwimages/gardening.jpg]
[mbcenter.org/htm/mbprintableab54.html]
[mbcenter.org/mbbwimages/globalcitizenship.jpg]
[mbcenter.org/htm/mbprintable23c9.html]
[mbcenter.org/mbbwimages/gogreen.jpg]
[mbcenter.org/htm/mbprintable29c8.html]
[mbcenter.org/mbbwimages/growgreen.jpg]
[mbcenter.org/htm/mbprintable43db.html]
[mbcenter.org/mbbwimages/handicraft.jpg]
[mbcenter.org/htm/mbprintable57d8.html]
[mbcenter.org/mbbwimages/hiking.jpg]
[mbcenter.org/htm/mbprintablea4be.html]
[mbcenter.org/mbbwimages/hobbiesandcollection.jpg]
[mbcenter.org/htm/mbprintable2b1f.html]
[mbcenter.org/mbbwimages/hograising.jpg]
[mbcenter.org/htm/mbprintablec938.html]
[mbcenter.org/mbbwimages/homerepairs.jpg]
[mbcenter.org/htm/mbprintabled978.html]
[mbcenter.org/mbbwimages/horsemanship.jpg]
[mbcenter.org/htm/mbprintable0691.html]
[mbcenter.org/mbbwimages/insectstudy.jpg]
[mbcenter.org/htm/mbprintable2fb2.html]
[mbcenter.org/mbbwimages/interpreting.jpg]
[mbcenter.org/htm/mbprintable0958.html]
[mbcenter.org/mbbwimages/journalism.jpg]
[mbcenter.org/htm/mbprintable95ae.html]
[mbcenter.org/mbbwimages/leathercraft.jpg]
[mbcenter.org/htm/mbprintabled472.html]
[mbcenter.org/mbbwimages/lifesaving.jpg]
[mbcenter.org/htm/mbprintable60e5.html]
[mbcenter.org/mbbwimages/livestockraising.jpg]
[mbcenter.org/htm/mbprintable2715.html]
[mbcenter.org/mbbwimages/machineshoppractice.jpg]
[mbcenter.org/htm/mbprintable839f.html]
[mbcenter.org/mbbwimages/marksmanship.jpg]
[mbcenter.org/htm/mbprintable2d77.html]
[mbcenter.org/mbbwimages/masonry.jpg]
[mbcenter.org/htm/mbprintablecd73.html]
[mbcenter.org/mbbwimages/metalwork.jpg]
[mbcenter.org/htm/mbprintable1f91.html]
[mbcenter.org/mbbwimages/music.jpg]
[mbcenter.org/htm/mbprintabled302.html]
[mbcenter.org/mbbwimages/naturelore.jpg]
[mbcenter.org/htm/mbprintable21d5.html]
[mbcenter.org/mbbwimages/navigation.jpg]
[mbcenter.org/htm/mbprintable3a55.html]
[mbcenter.org/mbbwimages/painting.jpg]
[mbcenter.org/htm/mbprintable0ff2.html]
[mbcenter.org/mbbwimages/pathfinding.jpg]
[mbcenter.org/htm/mbprintable9d9d.html]
[mbcenter.org/mbbwimages/personalhealth.jpg]
[mbcenter.org/htm/mbprintable77b1.html]
[mbcenter.org/mbbwimages/petcare.jpg]
[mbcenter.org/htm/mbprintablea1b8.html]
[mbcenter.org/mbbwimages/photography.jpg]
[mbcenter.org/htm/mbprintablee37e.html]
[mbcenter.org/mbbwimages/physicalfitness.jpg]
[mbcenter.org/htm/mbprintableb6b6.html]
[mbcenter.org/mbbwimages/pigeonraising.jpg]
[mbcenter.org/htm/mbprintable1139.html]
[mbcenter.org/mbbwimages/pioneering.jpg]
[mbcenter.org/htm/mbprintableecc1.html]
[mbcenter.org/mbbwimages/plumbing.jpg]
[mbcenter.org/htm/mbprintablecad4.html]
[mbcenter.org/mbbwimages/pottery.jpg]
[mbcenter.org/htm/mbprintabled866.html]
[mbcenter.org/mbbwimages/poultryraising.jpg]
[mbcenter.org/htm/mbprintable112a.html]
[mbcenter.org/mbbwimages/printing.jpg]
[mbcenter.org/htm/mbprintable4a1d.html]
[mbcenter.org/mbbwimages/publichealth.jpg]
[mbcenter.org/htm/mbprintableae83.html]
[mbcenter.org/mbbwimages/publicspeaking.jpg]
[mbcenter.org/htm/mbprintablec2dd.html]
[mbcenter.org/mbbwimages/rabbitraising.jpg]
[mbcenter.org/htm/mbprintableb503.html]
[mbcenter.org/mbbwimages/radio.jpg]
[mbcenter.org/htm/mbprintable7bf0.html]
[mbcenter.org/mbbwimages/reading.jpg]
[mbcenter.org/htm/mbprintablee94e.html]
[mbcenter.org/mbbwimages/reptileandamphibianstudy.jpg]
[mbcenter.org/htm/mbprintable5bc4.html]
[mbcenter.org/mbbwimages/rizallore.jpg]
[mbcenter.org/htm/mbprintableb7d9.html]
[mbcenter.org/mbbwimages/ropework.jpg]
[mbcenter.org/htm/mbprintable9888.html]
[mbcenter.org/mbbwimages/safety.jpg]
[mbcenter.org/htm/mbprintable9bfb.html]
[mbcenter.org/mbbwimages/salesmanship.jpg]
[mbcenter.org/htm/mbprintablea07f.html]
[mbcenter.org/mbbwimages/scholarship.jpg]
[mbcenter.org/htm/mbprintablea76a.html]
[mbcenter.org/mbbwimages/sculpture.jpg]
[mbcenter.org/htm/mbprintable26ac.html]
[mbcenter.org/mbbwimages/seamanship.jpg]
[mbcenter.org/htm/mbprintable0572.html]
[mbcenter.org/mbbwimages/signaling.jpg]
[mbcenter.org/htm/mbprintablede71.html]
[mbcenter.org/mbbwimages/snorkeling.jpg]
[mbcenter.org/htm/mbprintable0431.html]
[mbcenter.org/mbbwimages/soilandwaterconservation.jpg]
[mbcenter.org/htm/mbprintablece78.html]
[mbcenter.org/htm/mbprintable65db.html]
[mbcenter.org/mbbwimages/swimming.jpg]
[mbcenter.org/htm/mbprintableaeca.html]
[mbcenter.org/mbbwimages/tailoring.jpg]
[mbcenter.org/htm/mbprintablec738.html]
[mbcenter.org/mbbwimages/teamsports.jpg]
[mbcenter.org/htm/mbprintable3aca.html]
[mbcenter.org/mbbwimages/treefarming.jpg]
[mbcenter.org/htm/mbprintable2f94.html]
[mbcenter.org/mbbwimages/weather.jpg]
[mbcenter.org/htm/mbprintable8041.html]
[mbcenter.org/mbbwimages/wildlifeconservation.jpg]
[mbcenter.org/htm/mbprintabled5c8.html]
[mbcenter.org/mbbwimages/woodcarving.jpg]
[mbcenter.org/htm/mbprintabledab1.html]
[mbcenter.org/mbbwimages/woodwork.jpg]
[mbcenter.org/htm/mbprintabled78f.html]
[mbcenter.org/htm/rnkprintabled6e6.html]
[mbcenter.org/htm/rnkprintabledad4.html]
[mbcenter.org/htm/mbinworks.html]
[mbcenter.org/htm/rnkprintable4310.html]
[mbcenter.org/htm/rnkprintable67ef.html]
[mbcenter.org/htm/rnkprintable220a.html]
[mbcenter.org/htm/rnkprintabled492.html]
[mbcenter.org/htm/rnkprintable2f5f.html]
[mbcenter.org/htm/rnkprintable1254.html]
[mbcenter.org/htm/rnkprintable29a4.html]
[mbcenter.org/htm/rnkprintablea30c.html]
[mbcenter.org/htm/rnkprintable42b7.html]
[mbcenter.org/htm/rnkprintable16a5.html]
[mbcenter.org/htm/index-2.html]
[mbcenter.org/htm/ranksbd3e.html]
[mbcenter.org/pub/ws/ws_rnk_bsmembership.pdf]
[mbcenter.org/pub/ws/doc/ws_rnk_bsmembership.doc]
[mbcenter.org/htm/ranks530b.html]
[mbcenter.org/pub/ws/ws_rnk_bstenderfoot.pdf]
[mbcenter.org/pub/ws/doc/ws_rnk_bstenderfoot.doc]
[mbcenter.org/htm/ranksfae8.html]
[mbcenter.org/pub/ws/ws_rnk_bssecondclass.pdf]
[mbcenter.org/pub/ws/doc/ws_rnk_bssecondclass.doc]
[mbcenter.org/htm/ranksdcec.html]
[mbcenter.org/pub/ws/ws_rnk_bsfirstclass.pdf]
[mbcenter.org/pub/ws/doc/ws_rnk_bsfirstclass.doc]
[mbcenter.org/htm/ranks3d5a.html]
[mbcenter.org/pub/ws/ws_rnk_ssmembership.pdf]
[mbcenter.org/pub/ws/doc/ws_rnk_ssmembership.doc]
[mbcenter.org/htm/ranks48ab.html]
[mbcenter.org/pub/ws/ws_rnk_ssexplorer.pdf]
[mbcenter.org/pub/ws/doc/ws_rnk_ssexplorer.doc]
[mbcenter.org/htm/ranksb58e.html]
[mbcenter.org/pub/ws/ws_rnk_sspathfinder.pdf]
[mbcenter.org/pub/ws/doc/ws_rnk_sspathfinder.doc]
[mbcenter.org/htm/rankscfc3.html]
[mbcenter.org/pub/ws/ws_rnk_advoutdoorsman.pdf]
[mbcenter.org/pub/ws/doc/ws_rnk_advoutdoorsman.doc]
[mbcenter.org/htm/ranks8fb8.html]
[mbcenter.org/pub/ws/ws_rnk_advventurer.pdf]
[mbcenter.org/pub/ws/doc/ws_rnk_advventurer.doc]
[mbcenter.org/htm/ranks7c89.html]
[mbcenter.org/pub/ws/ws_rnk_adveagle.pdf]
[mbcenter.org/pub/ws/doc/ws_rnk_adveagle.doc]
[mbcenter.org/htm/meritbadges3dd2.html]
[mbcenter.org/pub/ws/doc/ws_gogreen.doc]
[mbcenter.org/htm/meritbadges9a01.html]
[mbcenter.org/pub/ws/doc/ws_growgreen.doc]
[mbcenter.org/htm/pub/ws-prepassport.html]
[mbcenter.org/htm/meritbadges9f34.html]
[mbcenter.org/pub/pdf/les_conductingbors.pdf]
[mbcenter.org/img/images/pic_bor01.jpg]
[mbcenter.org/htm/meritbadges3d18.html]
[mbcenter.org/downloads/REP_BOR.pdf]
[mbcenter.org/htm/pub/conductingbors.html]
[mbcenter.org/htm/specialist.html]
[mbcenter.org/img/images/advltr01.jpg]
[mbcenter.org/img/images/advltr03.jpg]
[mbcenter.org/htm/pub/requirementproblems.html]
[mbcenter.org/htm/meritbadgesf38d.html]
[mbcenter.org/htm/meritbadges701f.html]
[mbcenter.org/htm/meritbadgesb57e.html]
[mbcenter.org/htm/meritbadgesce78.html]
[mbcenter.org/htm/meritbadges2f94.html]
[mbcenter.org/htm/meritbadges1139.html]
[mbcenter.org/htm/mbgroup.html]
[mbcenter.org/img/images/banner_120x60_1.gif]
[mbcenter.org/img/images/banner_120x60_2.gif]
[mbcenter.org/img/images/bannerad_120x240.gif]
[mbcenter.org/img/images/bannerad_120x240_2.gif]
[mbcenter.org/img/images/bannerad_125x125.gif]
[mbcenter.org/img/images/bannerad_125x125_2.gif]
[mbcenter.org/img/images/bannerad_468x60.gif]
[mbcenter.org/img/images/bannerad_468x60_2.gif]
[mbcenter.org/htm/linkingtombcp.html]
[mbcenter.org/htm/mbquicklink.html]
[mbcenter.org/history/index.html]
[mbcenter.org/htm/submitasite.html]
[mbcenter.org/htm/mbprintableedd4.html]
[mbcenter.org/mbbwimages/coconutgrowing.html]
[mbcenter.org/mbbwimages/surveying.html]
[mbcenter.org/htm/resources.html]
[mbcenter.org/htm/rnkprintablebd3e.html]
[mbcenter.org/htm/ranksbd3e.html]
[mbcenter.org/htm/rnkprintable530b.html]
[mbcenter.org/htm/ranks530b.html]
[mbcenter.org/htm/rnkprintablefae8.html]
[mbcenter.org/htm/ranksfae8.html]
[mbcenter.org/htm/rnkprintabledcec.html]
[mbcenter.org/htm/ranksdcec.html]
[mbcenter.org/htm/rnkprintable3d5a.html]
[mbcenter.org/htm/ranks3d5a.html]
[mbcenter.org/htm/rnkprintable48ab.html]
[mbcenter.org/htm/ranks48ab.html]
[mbcenter.org/htm/rnkprintableb58e.html]
[mbcenter.org/htm/ranksb58e.html]
[mbcenter.org/htm/rnkprintablecfc3.html]
[mbcenter.org/htm/rankscfc3.html]
[mbcenter.org/htm/rnkprintable8fb8.html]
[mbcenter.org/htm/ranks8fb8.html]
[mbcenter.org/htm/rnkprintable7c89.html]
[mbcenter.org/htm/ranks7c89.html]
[mbcenter.org/htm/meritbadges3dd2.html]
[mbcenter.org/htm/meritbadges9a01.html]
[mbcenter.org/htm/mbprintable556a.html]
[mbcenter.org/mbimagespng/worldbrotherhood.png]
[mbcenter.org/htm/meritbadges9f34.html]
[mbcenter.org/htm/meritbadges3d18.html]
[mbcenter.org/htm/specialist.html]
[mbcenter.org/htm/meritbadgesf38d.html]
[mbcenter.org/htm/meritbadges701f.html]
[mbcenter.org/htm/meritbadgesb57e.html]
[mbcenter.org/htm/meritbadgesce78.html]
[mbcenter.org/htm/meritbadges2f94.html]
[mbcenter.org/htm/meritbadges1139.html]
[mbcenter.org/pub/pdf/notes_ideals.pdf]
[mbcenter.org/pub/ws.html]
[mbcenter.org/pub/pdf/notes_flag101.pdf]
[mbcenter.org/pub/pdf/notes_compass.pdf]
[mbcenter.org/pub/pdf/notes_estimation.pdf]
[mbcenter.org/pub/pdf/notes_firstaid.pdf]
[mbcenter.org/pub/pdf/notes_morsecode.pdf]
[mbcenter.org/pub/pdf/notes_northwocompass.pdf]
[mbcenter.org/pub/pdf/ll_foodsafety.pdf]
[mbcenter.org/pub/pdf/proposal_wwwmb.pdf]
[mbcenter.org/htm/resources.html]
[mbcenter.org/htm/rnkprintablebd3e.html]
[mbcenter.org/htm/rnkprintable530b.html]
[mbcenter.org/htm/rnkprintablefae8.html]
[mbcenter.org/htm/rnkprintabledcec.html]
[mbcenter.org/htm/rnkprintable3d5a.html]
[mbcenter.org/htm/rnkprintable48ab.html]
[mbcenter.org/htm/rnkprintableb58e.html]
[mbcenter.org/htm/rnkprintablecfc3.html]
[mbcenter.org/htm/rnkprintable8fb8.html]
[mbcenter.org/htm/rnkprintable7c89.html]
[mbcenter.org/mbbwimages/worldbrotherhood.jpg]
[mbcenter.org/htm/mbprintable556a.html]
[mbcenter.org/script/genscripts.js]
[mbcenter.org/img/banner/spacer.gif]
[mbcenter.org/img/banner/banner20050421_r1_c1.gif]
[mbcenter.org/img/banner/banner20050421_r1_c2.gif]
[mbcenter.org/img/banner/banner20050421_r1_c3.gif]
[mbcenter.org/img/banner/banner20050421_r2_c1.gif]
[mbcenter.org/img/banner/banner20050421_r2_c2.gif]
[mbcenter.org/img/banner/banner20050421_r3_c1.gif]
[mbcenter.org/img/banner/banner20050421_r3_c2.gif]
[mbcenter.org/img/banner/banner20050421_r3_c3.gif]
[mbcenter.org/pub/index.html]
[mbcenter.org/pub/html/sitehelp.html]
[mbcenter.org/pub/ws.html]
[mbcenter.org/welcomepage.html]
[mbcenter.org/advancement.html]
[mbcenter.org/awards.html]
[mbcenter.org/meritbadgelist.html]
[mbcenter.org/mbeaglerequired.html]
[mbcenter.org/specialist.html]
[mbcenter.org/mbgroup.html]
[mbcenter.org/woodbadge/index.html]
[mbcenter.org/forms.html]
[mbcenter.org/pub/html/mbcpterms.html]
[mbcenter.org/pub/pdf/les_2mbpolicy.pdf]
[mbcenter.org/pub/pdf/ll_leadership.pdf]
[mbcenter.org/pub/pdf/ll_pornonwww.pdf]
[mbcenter.org/pub/pdf/ll_todomydutystmt.pdf]
[mbcenter.org/pub/pdf/ll_youthprotection.pdf]
[mbcenter.org/downloads/bp_book/a2s.pdf]
[mbcenter.org/downloads/bp_book/bpoutlook.pdf]
[mbcenter.org/downloads/bp_book/chiefscoutsyarns.pdf]
[mbcenter.org/downloads/bp_book/lifesnag.pdf]
[mbcenter.org/downloads/bp_book/r2s.pdf]
[mbcenter.org/pub/sfb.html]
[mbcenter.org/downloads/bp_book/bpgames.pdf]
[mbcenter.org/pub/pdf/notes_firebuilding.pdf]
[mbcenter.org/pub/pdf/pps_fundamentals.pdf]
[mbcenter.org/pub/pdf/notes_history101.pdf]
[mbcenter.org/pub/pdf/notes_scoutsongs01.pdf]
[mbcenter.org/pub/ppt/scouting_fundamental.ppt]
[mbcenter.org/downloads/wbta.pdf]
[mbcenter.org/downloads/wbts.pdf]
[mbcenter.org/pub/index.html]
[mbcenter.org/downloads.html]
[mbcenter.org/mbcplinks.html]
[mbcenter.org/submitasite.html]
[mbcenter.org/contactus.html]
[mbcenter.org/pub/html/sitehelp.html]
[mbcenter.org/images/ico_adobeacrobat.html]
[mbcenter.org/pub/html/mbcpterms.html]
[mbcenter.org/downloads/bp_book/sfb/yarn00.pdf]
[mbcenter.org/downloads/bp_book/sfb/yarn01.pdf]
[mbcenter.org/downloads/bp_book/sfb/yarn02.pdf]
[mbcenter.org/downloads/bp_book/sfb/yarn03.pdf]
[mbcenter.org/downloads/bp_book/sfb/yarn04.pdf]
[mbcenter.org/downloads/bp_book/sfb/yarn05.pdf]
[mbcenter.org/downloads/bp_book/sfb/yarn06.pdf]
[mbcenter.org/downloads/bp_book/sfb/yarn07.pdf]
[mbcenter.org/downloads/bp_book/sfb/yarn08.pdf]
[mbcenter.org/downloads/bp_book/sfb/yarn09.pdf]
[mbcenter.org/downloads/bp_book/sfb/yarn10.pdf]
[mbcenter.org/downloads/bp_book/sfb/yarn11.pdf]
[mbcenter.org/downloads/bp_book/sfb/yarn12.pdf]
[mbcenter.org/downloads/bp_book/sfb/yarn13.pdf]
[mbcenter.org/downloads/bp_book/sfb/yarn14.pdf]
[mbcenter.org/downloads/bp_book/sfb/yarn15.pdf]
[mbcenter.org/downloads/bp_book/sfb/yarn16.pdf]
[mbcenter.org/downloads/bp_book/sfb/yarn17.pdf]
[mbcenter.org/downloads/bp_book/sfb/yarn18.pdf]
[mbcenter.org/downloads/bp_book/sfb/yarn19.pdf]
[mbcenter.org/downloads/bp_book/sfb/yarn20.pdf]
[mbcenter.org/downloads/bp_book/sfb/yarn21.pdf]
[mbcenter.org/downloads/bp_book/sfb/yarn22.pdf]
[mbcenter.org/downloads/bp_book/sfb/yarn23.pdf]
[mbcenter.org/downloads/bp_book/sfb/yarn24.pdf]
[mbcenter.org/downloads/bp_book/sfb/yarn25.pdf]
[mbcenter.org/downloads/bp_book/sfb/yarn26.pdf]
[mbcenter.org/downloads/bp_book/sfb/yarn27.pdf]
[mbcenter.org/downloads/bp_book/sfb/yarn28.pdf]
[mbcenter.org/pub/sfb.html]
[mbcenter.org/woodbadge/wb_training02_btc_tl.html]
